-- ✅ 检测到 librknnrt.so : /usr/lib/librknnrt.so
-- ✅ 将构建目标：edgestream_core, edgestream
-- ✅ 找到 nlohmann_json，将编译 JSON 相关测试程序
-- Configuring done
-- Generating done
-- Build files have been written to: /home/orangepi/project/EdgeStream/build
Consolidate compiler generated dependencies of target thread_safe_queue_test
Consolidate compiler generated dependencies of target edgestream_core
[ 11%] Built target thread_safe_queue_test
[ 41%] Built target edgestream_core
Consolidate compiler generated dependencies of target edgestream
Consolidate compiler generated dependencies of target rknn_video_test
Consolidate compiler generated dependencies of target bus_test
Consolidate compiler generated dependencies of target rknn_int8_video_test
[ 47%] Building CXX object CMakeFiles/edgestream.dir/src/main.cpp.o
[ 58%] Building CXX object CMakeFiles/bus_test.dir/test/bus_test.cpp.o
[ 58%] Building CXX object CMakeFiles/rknn_video_test.dir/test/rknn_video_test.cpp.o
Consolidate compiler generated dependencies of target onnx_video_test
[ 70%] Built target rknn_int8_video_test
[ 76%] Building CXX object CMakeFiles/onnx_video_test.dir/test/onnx_video_test.cpp.o
[ 82%] Linking CXX executable edgestream
[ 82%] Built target edgestream
[ 88%] Linking CXX executable rknn_video_test
[ 88%] Built target rknn_video_test
[ 94%] Linking CXX executable onnx_video_test
[100%] Linking CXX executable bus_test
[100%] Built target onnx_video_test
[100%] Built target bus_test
